Bëatrice : 1
Quant’ : 1
al : 1
bene : 1
che : 2
ch’era : 1
color, : 1
convenia : 1
da : 1
dentro : 1
di : 1
dov’ : 1
entra’mi, : 1
esser : 1
in : 1
io : 1
lucente : 1
lume : 1
l’atto : 1
ma : 1
meglio, : 1
non : 2
parvente! : 1
per : 3
quel : 1
quella : 1
scorge : 1
si : 1
sol : 1
sporge. : 1
subitamente : 1
suo : 1
sé : 1
sì : 2
tempo : 1
È : 1
1 3 1.1388888888888888
[scorge si sol sporge. subitamente suo sé sì]
