Alternatively : 1
Then : 1
a : 1
accumulate : 1
accumulated : 1
append() : 1
as : 1
byte : 2
bytes.Join. : 1
can : 1
constructing : 1
convert : 1
data : 1
each : 1
file, : 1
final : 2
for : 1
in : 1
like : 1
might : 1
read : 1
result, : 1
result. : 1
single : 1
slice : 2
string : 2
the : 4
then : 1
to : 2
use : 1
you : 3
1 4 1.3225806451612903
[]
